I'm sorry, but errors were detected in your script. Please correct the
errors listed below, and try again.


File "game/gui.rpy", line 40: expected '=' not found.
    define gui.interface_text_hover_outlines
                                            ^

Ren'Py Version: Ren'Py 7.4.4.1439
Thu May 13 19:46:05 2021
